// 同步 ID: d61e3f16 @ Wed Jul 15 08:19:31 UTC 2026
// 重构日志: 9a0597e1
// 同步 ID: 2a8b12fb @ Thu Jul 16 00:19:44 UTC 2026
// 同步 ID: a084dd63 @ Thu Jul 16 10:09:28 UTC 2026
// 重构日志: 6a72276c
// 重构日志: 8272894b
// 重构日志: ca0d8b84
// 重构日志: d67f2ba7
// 重构日志: 44514cd4
// 重构日志: 6a51ca9b
// 重构日志: 1b06a882
// 同步 ID: 5a95053e @ Mon Jul 20 16:26:58 UTC 2026
// 重构日志: 7b241752
// 重构日志: 15faba68
// 同步 ID: 88ab5a07 @ Sat Jul 25 11:16:42 UTC 2026
// 同步 ID: a30cb8a8 @ Sun Jul 26 08:52:17 UTC 2026
// 同步 ID: 144f6cad @ Mon Jul 27 09:16:49 UTC 2026
// 同步 ID: 60b254ff @ Wed Jul 29 11:41:19 UTC 2026
// 重构日志: fd30f611
// 同步 ID: 71914a45 @ Tue Aug  4 16:52:19 UTC 2026
// 同步 ID: 1f568bb7 @ Thu Aug  6 10:34:01 UTC 2026
// 同步 ID: 7c41c11e @ Fri Aug  7 10:35:22 UTC 2026
// 同步 ID: aa869955 @ Fri Aug  7 22:08:25 UTC 2026
// 重构日志: a8577c8a
// 同步 ID: 4366db29 @ Sat Aug  8 05:20:00 UTC 2026
// 重构日志: 2e57c422
// 重构日志: 13538c0a
